exports[`test The A component displays a normal anchore tag that goes to "#" when neither "href" nor "to" props is given. 1`] = `
<a
  href="#" />
`;

exports[`test The A component displays a normal anchore tag when given a "href" prop. 1`] = `
<a
  href="https://google.com" />
`;

exports[`test The A component displays a react-router Link as the anchore tag when given a "to" prop. 1`] = `
<a
  onClick={[Function]}
  style={Object {}} />
`;

exports[`test The A component displays the given label. 1`] = `
<a
  href="#">
  Test Link
</a>
`;
