exports[`test The Nav component displays the given navigation items. 1`] = `
<nav>
  <ul
    style={
      Object {
        "listStyleType": "none",
      }
    }>
    <li
      style={
        Object {
          "float": "left",
          "marginLeft": 25,
          "width": 100,
        }
      }>
      <a
        onClick={[Function]}
        style={Object {}}>
        Home
      </a>
    </li>
    <li
      style={
        Object {
          "float": "left",
          "marginLeft": 25,
          "width": 100,
        }
      }>
      <a
        onClick={[Function]}
        style={Object {}}>
        Internal Link
      </a>
    </li>
    <li
      style={
        Object {
          "float": "left",
          "marginLeft": 25,
          "width": 100,
        }
      }>
      <a
        href="https://google.com">
        External Link
      </a>
    </li>
  </ul>
</nav>
`;
